exports[`test Borealis video 1`] = `
<video
  controls={true}
  height={800}
  width={800}>
  <source
    src={undefined}
    type="video/mp4" />
  Your browser does not support the video tag.
</video>
`;
