exports[`BorealisAudio Tests renders an audio 1`] = `
<audio
  className="audio-player"
  controls={true}>
  <source
    src={undefined}
    type="audio/mpeg" />
  Your browser does not support the audio element.
</audio>
`;
