exports[`BorealisPPT Tests renders a PowerPoint 1`] = `
<div
  className="ppt-download">
  <a
    href={undefined}>
    <img
      alt="Microsoft PowerPoint"
      src={undefined} />
  </a>
  <a
    href={undefined} />
</div>
`;
